2026-04-23 INFO Server started
2026-04-23 ERROR Database failed
2026-04-25 ERROR Demo error
2026-04-25 ERROR Demo error
2026-04-25 ERROR Skill Issue
2026-04-23 ERROR Database failed
2026-04-25 ERROR Skill Issue
2026-04-23 ERROR Database failed
2026-04-25 ERROR Unknown error
2026-04-25 ERROR Skill Issue
2026-04-23 ERROR Database failed
2026-04-23 INFO Request /home 200
